+ date -Iseconds
2026-10-04T14:49:49+08:00
+ hostname
DESKTOP-3G96U6R
+ riscv64-unknown-elf-gcc --version
+ head -1
riscv64-unknown-elf-gcc (14.2.0+19) 14.2.0
+ for s in 21345671111111 54721631111111
+ riscv64-unknown-elf-gcc -O2 -march=rv32i -mabi=ilp32 -std=c99 -Wall -Wextra -Wpedantic -ffreestanding -nostdlib -mno-relax -Wl,--no-relax '-DINPUT="21345671111111"' target/start.s target/ref_main.c -o build/ref_21345671111111.elf
+ riscv64-unknown-elf-size -A build/ref_21345671111111.elf
build/ref_21345671111111.elf  :
section              size     addr
.text                 680    65716
.rodata             40444    66396
.bss                  132   110936
.comment               24        0
.riscv.attributes      28        0
Total               41308


+ /home/ritsu/tools/ripes/Ripes-v2.2.6-106-g5b8a616-linux-x86_64.AppImage --mode cli --src build/ref_21345671111111.elf -t elf --proc RV32_ISS --iret
qt.qpa.plugin: Could not find the Qt platform plugin "wayland" in ""

Program exited with code: 11
===== instructions retired
11824397
+ for s in 21345671111111 54721631111111
+ riscv64-unknown-elf-gcc -O2 -march=rv32i -mabi=ilp32 -std=c99 -Wall -Wextra -Wpedantic -ffreestanding -nostdlib -mno-relax -Wl,--no-relax '-DINPUT="54721631111111"' target/start.s target/ref_main.c -o build/ref_54721631111111.elf
+ riscv64-unknown-elf-size -A build/ref_54721631111111.elf
build/ref_54721631111111.elf  :
section              size     addr
.text                 680    65716
.rodata             40444    66396
.bss                  132   110936
.comment               24        0
.riscv.attributes      28        0
Total               41308


+ /home/ritsu/tools/ripes/Ripes-v2.2.6-106-g5b8a616-linux-x86_64.AppImage --mode cli --src build/ref_54721631111111.elf -t elf --proc RV32_ISS --iret
qt.qpa.plugin: Could not find the Qt platform plugin "wayland" in ""

Program exited with code: 11
===== instructions retired
32331701
