+ date -Iseconds
2026-10-07T23:31:54+08:00
+ bash host/build_target.sh 21345671111111 build/readonly_cli.elf cli
+ bash host/build_target.sh 21345671111111 build/readonly_gui.elf gui
+ riscv64-unknown-elf-size -A build/readonly_cli.elf build/readonly_gui.elf
build/readonly_cli.elf  :
section              size     addr
.text                 864    65684
.rodata             40383    66548
.data                 204   111028
.riscv.attributes      26        0
Total               41477


build/readonly_gui.elf  :
section              size     addr
.text                1416    65684
.rodata             40383    67100
.data                 300   111580
.riscv.attributes      26        0
Total               42125


+ riscv64-unknown-elf-readelf -SW build/readonly_gui.elf
There are 8 section headers, starting at offset 0xaebc:

Section Headers:
  [Nr] Name              Type            Addr     Off    Size   ES Flg Lk Inf Al
  [ 0]                   NULL            00000000 000000 000000 00      0   0  0
  [ 1] .text             PROGBITS        00010094 000094 000588 00  AX  0   0  4
  [ 2] .rodata           PROGBITS        0001061c 00061c 009dbf 00   A  0   0  2
  [ 3] .data             PROGBITS        0001b3dc 00a3dc 00012c 00  WA  0   0  4
  [ 4] .riscv.attributes RISCV_ATTRIBUTES 00000000 00a508 00001a 00      0   0  1
  [ 5] .symtab           SYMTAB          00000000 00a524 000560 10      6  78  4
  [ 6] .strtab           STRTAB          00000000 00aa84 0003f7 00      0   0  1
  [ 7] .shstrtab         STRTAB          00000000 00ae7b 000041 00      0   0  1
Key to Flags:
  W (write), A (alloc), X (execute), M (merge), S (strings), I (info),
  L (link order), O (extra OS processing required), G (group), T (TLS),
  C (compressed), x (unknown), o (OS specific), E (exclude),
  D (mbind), p (processor specific)
+ /home/ritsu/tools/ripes/Ripes-v2.2.6-106-g5b8a616-linux-x86_64.AppImage --mode cli --src build/readonly_cli.elf -t elf --proc RV32_ISS --iret
qt.qpa.plugin: Could not find the Qt platform plugin "wayland" in ""
R B' D2 R' B R' B' R D2 R B

Program exited with code: 11
===== instructions retired
10423216
