+ riscv64-unknown-elf-as -march=rv32i -mabi=ilp32 -mno-relax build/rodata_elf_probe.s -o build/rodata_elf_probe.o
+ riscv64-unknown-elf-ld -m elf32lriscv --no-relax -e _start build/rodata_elf_probe.o -o build/rodata_elf_probe.elf
+ riscv64-unknown-elf-size -A build/rodata_elf_probe.elf
build/rodata_elf_probe.elf  :
section              size     addr
.text                 864    65684
.rodata             40383    66548
.data                 204   111028
.riscv.attributes      26        0
Total               41477


+ riscv64-unknown-elf-readelf -SW build/rodata_elf_probe.elf
There are 8 section headers, starting at offset 0xa9a4:

Section Headers:
  [Nr] Name              Type            Addr     Off    Size   ES Flg Lk Inf Al
  [ 0]                   NULL            00000000 000000 000000 00      0   0  0
  [ 1] .text             PROGBITS        00010094 000094 000360 00  AX  0   0  4
  [ 2] .rodata           PROGBITS        000103f4 0003f4 009dbf 00   A  0   0  1
  [ 3] .data             PROGBITS        0001b1b4 00a1b4 0000cc 00  WA  0   0  4
  [ 4] .riscv.attributes RISCV_ATTRIBUTES 00000000 00a280 00001a 00      0   0  1
  [ 5] .symtab           SYMTAB          00000000 00a29c 0003f0 10      6  55  4
  [ 6] .strtab           STRTAB          00000000 00a68c 0002d7 00      0   0  1
  [ 7] .shstrtab         STRTAB          00000000 00a963 000041 00      0   0  1
Key to Flags:
  W (write), A (alloc), X (execute), M (merge), S (strings), I (info),
  L (link order), O (extra OS processing required), G (group), T (TLS),
  C (compressed), x (unknown), o (OS specific), E (exclude),
  D (mbind), p (processor specific)
+ /home/ritsu/tools/ripes/Ripes-v2.2.6-106-g5b8a616-linux-x86_64.AppImage --mode cli --src build/rodata_elf_probe.elf -t elf --proc RV32_ISS --iret
qt.qpa.plugin: Could not find the Qt platform plugin "wayland" in ""

Program exited with code: 0
===== instructions retired
243
